// Vitest Snapshot v1, https://vitest.dev/guide/snapshot.html

exports[`FirstStepsApp > Shold match snaptchot 1`] = `
<div>
  <h1>
    Carrito de compras
  </h1>
  <div
    data-testid="ItemCounter"
    name="Nintendo Switch 2"
    quantity="2"
  />
  <div
    data-testid="ItemCounter"
    name="Pro Controller"
    quantity="1"
  />
  <div
    data-testid="ItemCounter"
    name="Super Smash"
    quantity="3"
  />
  <div
    data-testid="ItemCounter"
    name="Super Mario Bros"
    quantity="4"
  />
</div>
`;
